+---+---+---+
|   | O | X |
+---+---+---+
|   | X | X |
+---+---+---+
| O | X | O |
+---+---+---+
