+---+---+---+
|   |   | X |
+---+---+---+
|   | X |   |
+---+---+---+
| O | X | O |
+---+---+---+
