+---+---+---+
|   | O | X |
+---+---+---+
|   | X |   |
+---+---+---+
| O | X | O |
+---+---+---+
